RAM Allocation [bytes]
Variable                                                                          Address   Size
------------------------------------------------------------------------------------------------
sinus                                                                             0x0300     182

EEPROM Allocation [bytes]
Variable                                                                          Address   Size
------------------------------------------------------------------------------------------------

Register Allocation
Variable                                                                          Register  Size
------------------------------------------------------------------------------------------------
polarity                                                                          R4           1
B_polarity                                                                        R3           1
step                                                                              R6           1

FLASH Allocation [words]
Function                                                                          Address   Size
------------------------------------------------------------------------------------------------
stop_timers                                                                       0x001D5      9
DC_mode                                                                           0x001DE      6
sinus_period                                                                      0x001E4     17
sinus_amplitude                                                                   0x001F5     54
start_PWM                                                                         0x0022B     32
timer1_compa_isr                                                                  0x0024B     38
setup                                                                             0x00271     21
main                                                                              0x00286      3
