RAM Allocation [bytes]
Variable                                                                          Address   Size
------------------------------------------------------------------------------------------------
adc_data                                                                          0x0300       2
step                                                                              0x0302       3
sinus                                                                             0x0305     182

EEPROM Allocation [bytes]
Variable                                                                          Address   Size
------------------------------------------------------------------------------------------------

Register Allocation
Variable                                                                          Register  Size
------------------------------------------------------------------------------------------------
ADC_input                                                                         R4           1
phase_b_step                                                                      R3           1
phase_c_step                                                                      R6           1
amplitude                                                                         R5           1
frequency                                                                         R8           1

FLASH Allocation [words]
Function                                                                          Address   Size
------------------------------------------------------------------------------------------------
stop_timers                                                                       0x001D6     26
closed_mode                                                                       0x001F0      6
sinus_period                                                                      0x001F6     18
sinus_amplitude                                                                   0x00208     39
start_PWM                                                                         0x0022F     49
timer1_compa_isr                                                                  0x00260     70
adc_isr                                                                           0x002A6     34
invertor_setup                                                                    0x002C8     38
main                                                                              0x002EE     44
